============================================================
≡ƒÜÇ TradieMate - Voice Command Quick Test
============================================================
≡ƒöÉ Logging in...
Login response status: 200
Γ£à Login successful
Token preview: eyJhbGciOiJFUzI1NiIsImtpZCI6IjFlODNjOWMyLWEyY2MtND...

≡ƒÄÖ∩╕Å Testing: "I need to make a quote"
   Status: 401
   Γ¥î Error: {"code":401,"message":"Invalid JWT"}

≡ƒÄÖ∩╕Å Testing: "New quote for John Smith"
   Status: 401
   Γ¥î Error: {"code":401,"message":"Invalid JWT"}

≡ƒÄÖ∩╕Å Testing: "Quote for Mike Chen, deck staining $850"
   Status: 401
   Γ¥î Error: {"code":401,"message":"Invalid JWT"}

≡ƒÄÖ∩╕Å Testing: "Go to dashboard"
   Status: 401
   Γ¥î Error: {"code":401,"message":"Invalid JWT"}

≡ƒÄÖ∩╕Å Testing: "Find John Smith"
   Status: 401
   Γ¥î Error: {"code":401,"message":"Invalid JWT"}

≡ƒÄÖ∩╕Å Testing: "Add a note: replaced the hot water system"
   Status: 401
   Γ¥î Error: {"code":401,"message":"Invalid JWT"}

≡ƒÄÖ∩╕Å Testing: "Thanks mate"
   Status: 401
   Γ¥î Error: {"code":401,"message":"Invalid JWT"}

============================================================
≡ƒôè Results: 0/7 passed
============================================================
